C:/Users/bruno.USER-PC/Desktop/Clones/nucleo-wl55jc-sensor-node/LoRaWAN_End_Node_DualCoreFreeRTOS/CM4/MbMux/LmHandler_mbwrapper.c:102:24:LmHandlerInit	8	static
C:/Users/bruno.USER-PC/Desktop/Clones/nucleo-wl55jc-sensor-node/LoRaWAN_End_Node_DualCoreFreeRTOS/CM4/MbMux/LmHandler_mbwrapper.c:146:24:LmHandlerDeInit	8	static
C:/Users/bruno.USER-PC/Desktop/Clones/nucleo-wl55jc-sensor-node/LoRaWAN_End_Node_DualCoreFreeRTOS/CM4/MbMux/LmHandler_mbwrapper.c:168:24:LmHandlerConfigure	16	static
C:/Users/bruno.USER-PC/Desktop/Clones/nucleo-wl55jc-sensor-node/LoRaWAN_End_Node_DualCoreFreeRTOS/CM4/MbMux/LmHandler_mbwrapper.c:202:23:LmHandlerJoinStatus	8	static
C:/Users/bruno.USER-PC/Desktop/Clones/nucleo-wl55jc-sensor-node/LoRaWAN_End_Node_DualCoreFreeRTOS/CM4/MbMux/LmHandler_mbwrapper.c:224:6:LmHandlerJoin	16	static
C:/Users/bruno.USER-PC/Desktop/Clones/nucleo-wl55jc-sensor-node/LoRaWAN_End_Node_DualCoreFreeRTOS/CM4/MbMux/LmHandler_mbwrapper.c:249:24:LmHandlerStop	8	static
C:/Users/bruno.USER-PC/Desktop/Clones/nucleo-wl55jc-sensor-node/LoRaWAN_End_Node_DualCoreFreeRTOS/CM4/MbMux/LmHandler_mbwrapper.c:271:24:LmHandlerHalt	8	static
C:/Users/bruno.USER-PC/Desktop/Clones/nucleo-wl55jc-sensor-node/LoRaWAN_End_Node_DualCoreFreeRTOS/CM4/MbMux/LmHandler_mbwrapper.c:293:6:LmHandlerIsBusy	8	static
C:/Users/bruno.USER-PC/Desktop/Clones/nucleo-wl55jc-sensor-node/LoRaWAN_End_Node_DualCoreFreeRTOS/CM4/MbMux/LmHandler_mbwrapper.c:316:24:LmHandlerSend	24	static
C:/Users/bruno.USER-PC/Desktop/Clones/nucleo-wl55jc-sensor-node/LoRaWAN_End_Node_DualCoreFreeRTOS/CM4/MbMux/LmHandler_mbwrapper.c:360:6:LmHandlerProcess	8	static
C:/Users/bruno.USER-PC/Desktop/Clones/nucleo-wl55jc-sensor-node/LoRaWAN_End_Node_DualCoreFreeRTOS/CM4/MbMux/LmHandler_mbwrapper.c:380:13:LmHandlerGetDutyCycleWaitTime	8	static
C:/Users/bruno.USER-PC/Desktop/Clones/nucleo-wl55jc-sensor-node/LoRaWAN_End_Node_DualCoreFreeRTOS/CM4/MbMux/LmHandler_mbwrapper.c:402:24:LmHandlerRequestClass	16	static
C:/Users/bruno.USER-PC/Desktop/Clones/nucleo-wl55jc-sensor-node/LoRaWAN_End_Node_DualCoreFreeRTOS/CM4/MbMux/LmHandler_mbwrapper.c:428:24:LmHandlerGetCurrentClass	24	static
C:/Users/bruno.USER-PC/Desktop/Clones/nucleo-wl55jc-sensor-node/LoRaWAN_End_Node_DualCoreFreeRTOS/CM4/MbMux/LmHandler_mbwrapper.c:464:24:LmHandlerGetDevEUI	16	static
C:/Users/bruno.USER-PC/Desktop/Clones/nucleo-wl55jc-sensor-node/LoRaWAN_End_Node_DualCoreFreeRTOS/CM4/MbMux/LmHandler_mbwrapper.c:500:24:LmHandlerSetDevEUI	16	static
C:/Users/bruno.USER-PC/Desktop/Clones/nucleo-wl55jc-sensor-node/LoRaWAN_End_Node_DualCoreFreeRTOS/CM4/MbMux/LmHandler_mbwrapper.c:536:24:LmHandlerGetAppEUI	16	static
C:/Users/bruno.USER-PC/Desktop/Clones/nucleo-wl55jc-sensor-node/LoRaWAN_End_Node_DualCoreFreeRTOS/CM4/MbMux/LmHandler_mbwrapper.c:572:24:LmHandlerSetAppEUI	16	static
C:/Users/bruno.USER-PC/Desktop/Clones/nucleo-wl55jc-sensor-node/LoRaWAN_End_Node_DualCoreFreeRTOS/CM4/MbMux/LmHandler_mbwrapper.c:608:24:LmHandlerGetKey	24	static
C:/Users/bruno.USER-PC/Desktop/Clones/nucleo-wl55jc-sensor-node/LoRaWAN_End_Node_DualCoreFreeRTOS/CM4/MbMux/LmHandler_mbwrapper.c:645:24:LmHandlerSetKey	24	static
C:/Users/bruno.USER-PC/Desktop/Clones/nucleo-wl55jc-sensor-node/LoRaWAN_End_Node_DualCoreFreeRTOS/CM4/MbMux/LmHandler_mbwrapper.c:682:24:LmHandlerGetNetworkID	16	static
C:/Users/bruno.USER-PC/Desktop/Clones/nucleo-wl55jc-sensor-node/LoRaWAN_End_Node_DualCoreFreeRTOS/CM4/MbMux/LmHandler_mbwrapper.c:718:24:LmHandlerSetNetworkID	16	static
C:/Users/bruno.USER-PC/Desktop/Clones/nucleo-wl55jc-sensor-node/LoRaWAN_End_Node_DualCoreFreeRTOS/CM4/MbMux/LmHandler_mbwrapper.c:745:24:LmHandlerGetDevAddr	16	static
C:/Users/bruno.USER-PC/Desktop/Clones/nucleo-wl55jc-sensor-node/LoRaWAN_End_Node_DualCoreFreeRTOS/CM4/MbMux/LmHandler_mbwrapper.c:781:24:LmHandlerSetDevAddr	16	static
C:/Users/bruno.USER-PC/Desktop/Clones/nucleo-wl55jc-sensor-node/LoRaWAN_End_Node_DualCoreFreeRTOS/CM4/MbMux/LmHandler_mbwrapper.c:808:24:LmHandlerGetActiveRegion	24	static
C:/Users/bruno.USER-PC/Desktop/Clones/nucleo-wl55jc-sensor-node/LoRaWAN_End_Node_DualCoreFreeRTOS/CM4/MbMux/LmHandler_mbwrapper.c:844:24:LmHandlerSetActiveRegion	24	static
C:/Users/bruno.USER-PC/Desktop/Clones/nucleo-wl55jc-sensor-node/LoRaWAN_End_Node_DualCoreFreeRTOS/CM4/MbMux/LmHandler_mbwrapper.c:874:24:LmHandlerGetAdrEnable	24	static
C:/Users/bruno.USER-PC/Desktop/Clones/nucleo-wl55jc-sensor-node/LoRaWAN_End_Node_DualCoreFreeRTOS/CM4/MbMux/LmHandler_mbwrapper.c:910:24:LmHandlerSetAdrEnable	16	static
C:/Users/bruno.USER-PC/Desktop/Clones/nucleo-wl55jc-sensor-node/LoRaWAN_End_Node_DualCoreFreeRTOS/CM4/MbMux/LmHandler_mbwrapper.c:937:24:LmHandlerGetTxDatarate	24	static
C:/Users/bruno.USER-PC/Desktop/Clones/nucleo-wl55jc-sensor-node/LoRaWAN_End_Node_DualCoreFreeRTOS/CM4/MbMux/LmHandler_mbwrapper.c:973:24:LmHandlerSetTxDatarate	16	static
C:/Users/bruno.USER-PC/Desktop/Clones/nucleo-wl55jc-sensor-node/LoRaWAN_End_Node_DualCoreFreeRTOS/CM4/MbMux/LmHandler_mbwrapper.c:1000:24:LmHandlerGetDutyCycleEnable	24	static
C:/Users/bruno.USER-PC/Desktop/Clones/nucleo-wl55jc-sensor-node/LoRaWAN_End_Node_DualCoreFreeRTOS/CM4/MbMux/LmHandler_mbwrapper.c:1036:24:LmHandlerSetDutyCycleEnable	16	static
C:/Users/bruno.USER-PC/Desktop/Clones/nucleo-wl55jc-sensor-node/LoRaWAN_End_Node_DualCoreFreeRTOS/CM4/MbMux/LmHandler_mbwrapper.c:1063:24:LmHandlerGetRX2Params	16	static
C:/Users/bruno.USER-PC/Desktop/Clones/nucleo-wl55jc-sensor-node/LoRaWAN_End_Node_DualCoreFreeRTOS/CM4/MbMux/LmHandler_mbwrapper.c:1099:24:LmHandlerGetTxPower	24	static
C:/Users/bruno.USER-PC/Desktop/Clones/nucleo-wl55jc-sensor-node/LoRaWAN_End_Node_DualCoreFreeRTOS/CM4/MbMux/LmHandler_mbwrapper.c:1135:24:LmHandlerGetRx1Delay	16	static
C:/Users/bruno.USER-PC/Desktop/Clones/nucleo-wl55jc-sensor-node/LoRaWAN_End_Node_DualCoreFreeRTOS/CM4/MbMux/LmHandler_mbwrapper.c:1171:24:LmHandlerGetRx2Delay	16	static
C:/Users/bruno.USER-PC/Desktop/Clones/nucleo-wl55jc-sensor-node/LoRaWAN_End_Node_DualCoreFreeRTOS/CM4/MbMux/LmHandler_mbwrapper.c:1207:24:LmHandlerGetJoinRx1Delay	16	static
C:/Users/bruno.USER-PC/Desktop/Clones/nucleo-wl55jc-sensor-node/LoRaWAN_End_Node_DualCoreFreeRTOS/CM4/MbMux/LmHandler_mbwrapper.c:1243:24:LmHandlerGetJoinRx2Delay	16	static
C:/Users/bruno.USER-PC/Desktop/Clones/nucleo-wl55jc-sensor-node/LoRaWAN_End_Node_DualCoreFreeRTOS/CM4/MbMux/LmHandler_mbwrapper.c:1279:24:LmHandlerSetRX2Params	16	static
C:/Users/bruno.USER-PC/Desktop/Clones/nucleo-wl55jc-sensor-node/LoRaWAN_End_Node_DualCoreFreeRTOS/CM4/MbMux/LmHandler_mbwrapper.c:1315:24:LmHandlerSetTxPower	16	static
C:/Users/bruno.USER-PC/Desktop/Clones/nucleo-wl55jc-sensor-node/LoRaWAN_End_Node_DualCoreFreeRTOS/CM4/MbMux/LmHandler_mbwrapper.c:1342:24:LmHandlerSetRx1Delay	16	static
C:/Users/bruno.USER-PC/Desktop/Clones/nucleo-wl55jc-sensor-node/LoRaWAN_End_Node_DualCoreFreeRTOS/CM4/MbMux/LmHandler_mbwrapper.c:1369:24:LmHandlerSetRx2Delay	16	static
C:/Users/bruno.USER-PC/Desktop/Clones/nucleo-wl55jc-sensor-node/LoRaWAN_End_Node_DualCoreFreeRTOS/CM4/MbMux/LmHandler_mbwrapper.c:1396:24:LmHandlerSetJoinRx1Delay	16	static
C:/Users/bruno.USER-PC/Desktop/Clones/nucleo-wl55jc-sensor-node/LoRaWAN_End_Node_DualCoreFreeRTOS/CM4/MbMux/LmHandler_mbwrapper.c:1423:24:LmHandlerSetJoinRx2Delay	16	static
C:/Users/bruno.USER-PC/Desktop/Clones/nucleo-wl55jc-sensor-node/LoRaWAN_End_Node_DualCoreFreeRTOS/CM4/MbMux/LmHandler_mbwrapper.c:1450:24:LmHandlerGetPingPeriodicity	24	static
C:/Users/bruno.USER-PC/Desktop/Clones/nucleo-wl55jc-sensor-node/LoRaWAN_End_Node_DualCoreFreeRTOS/CM4/MbMux/LmHandler_mbwrapper.c:1486:24:LmHandlerSetPingPeriodicity	16	static
C:/Users/bruno.USER-PC/Desktop/Clones/nucleo-wl55jc-sensor-node/LoRaWAN_End_Node_DualCoreFreeRTOS/CM4/MbMux/LmHandler_mbwrapper.c:1513:24:LmHandlerGetBeaconState	24	static
C:/Users/bruno.USER-PC/Desktop/Clones/nucleo-wl55jc-sensor-node/LoRaWAN_End_Node_DualCoreFreeRTOS/CM4/MbMux/LmHandler_mbwrapper.c:1549:24:LmHandlerLinkCheckReq	8	static
C:/Users/bruno.USER-PC/Desktop/Clones/nucleo-wl55jc-sensor-node/LoRaWAN_End_Node_DualCoreFreeRTOS/CM4/MbMux/LmHandler_mbwrapper.c:1571:24:LmHandlerDeviceTimeReq	8	static
C:/Users/bruno.USER-PC/Desktop/Clones/nucleo-wl55jc-sensor-node/LoRaWAN_End_Node_DualCoreFreeRTOS/CM4/MbMux/LmHandler_mbwrapper.c:1593:24:LmHandlerGetVersion	24	static
C:/Users/bruno.USER-PC/Desktop/Clones/nucleo-wl55jc-sensor-node/LoRaWAN_End_Node_DualCoreFreeRTOS/CM4/MbMux/LmHandler_mbwrapper.c:1630:24:LmHandlerNvmDataStore	8	static
C:/Users/bruno.USER-PC/Desktop/Clones/nucleo-wl55jc-sensor-node/LoRaWAN_End_Node_DualCoreFreeRTOS/CM4/MbMux/LmHandler_mbwrapper.c:1653:6:LoraInfo_Init	8	static
C:/Users/bruno.USER-PC/Desktop/Clones/nucleo-wl55jc-sensor-node/LoRaWAN_End_Node_DualCoreFreeRTOS/CM4/MbMux/LmHandler_mbwrapper.c:1673:13:LoraInfo_GetPtr	8	static
C:/Users/bruno.USER-PC/Desktop/Clones/nucleo-wl55jc-sensor-node/LoRaWAN_End_Node_DualCoreFreeRTOS/CM4/MbMux/LmHandler_mbwrapper.c:1687:6:Process_Lora_Notif	16	static
