C:/Users/bruno.USER-PC/Desktop/Clones/nucleo-wl55jc-sensor-node/LoRaWAN_End_Node_DualCoreFreeRTOS/CM4/MbMux/mbmuxif_radio.c:245:13:MBMUXIF_TaskRadioNotifRcv	8	static
C:/Users/bruno.USER-PC/Desktop/Clones/nucleo-wl55jc-sensor-node/LoRaWAN_End_Node_DualCoreFreeRTOS/CM4/MbMux/mbmuxif_radio.c:256:13:Thd_RadioNotifRcvProcess	8	static
C:/Users/bruno.USER-PC/Desktop/Clones/nucleo-wl55jc-sensor-node/LoRaWAN_End_Node_DualCoreFreeRTOS/CM4/MbMux/mbmuxif_radio.c:233:13:MBMUXIF_IsrRadioNotifRcvCb	8	static
C:/Users/bruno.USER-PC/Desktop/Clones/nucleo-wl55jc-sensor-node/LoRaWAN_End_Node_DualCoreFreeRTOS/CM4/MbMux/mbmuxif_radio.c:222:13:MBMUXIF_IsrRadioRespRcvCb	8	static
C:/Users/bruno.USER-PC/Desktop/Clones/nucleo-wl55jc-sensor-node/LoRaWAN_End_Node_DualCoreFreeRTOS/CM4/MbMux/mbmuxif_radio.c:113:8:MBMUXIF_RadioInit	16	static
C:/Users/bruno.USER-PC/Desktop/Clones/nucleo-wl55jc-sensor-node/LoRaWAN_End_Node_DualCoreFreeRTOS/CM4/MbMux/mbmuxif_radio.c:169:19:MBMUXIF_GetRadioFeatureCmdComPtr	8	static
C:/Users/bruno.USER-PC/Desktop/Clones/nucleo-wl55jc-sensor-node/LoRaWAN_End_Node_DualCoreFreeRTOS/CM4/MbMux/mbmuxif_radio.c:185:6:MBMUXIF_RadioSendCmd	8	static
C:/Users/bruno.USER-PC/Desktop/Clones/nucleo-wl55jc-sensor-node/LoRaWAN_End_Node_DualCoreFreeRTOS/CM4/MbMux/mbmuxif_radio.c:203:6:MBMUXIF_RadioSendAck	8	static
