C:/Users/bruno.USER-PC/Desktop/Clones/nucleo-wl55jc-sensor-node/LoRaWAN_End_Node_DualCoreFreeRTOS/CM4/MbMux/mbmuxif_sys.c:586:13:MBMUXIF_IsrSystemPrioARespRcvCb	0	static
C:/Users/bruno.USER-PC/Desktop/Clones/nucleo-wl55jc-sensor-node/LoRaWAN_End_Node_DualCoreFreeRTOS/CM4/MbMux/mbmuxif_sys.c:606:13:MBMUXIF_IsrSystemPrioBRespRcvCb	0	static
C:/Users/bruno.USER-PC/Desktop/Clones/nucleo-wl55jc-sensor-node/LoRaWAN_End_Node_DualCoreFreeRTOS/CM4/MbMux/mbmuxif_sys.c:613:13:MBMUXIF_IsrSystemPrioBNotifRcvCb	0	static
C:/Users/bruno.USER-PC/Desktop/Clones/nucleo-wl55jc-sensor-node/LoRaWAN_End_Node_DualCoreFreeRTOS/CM4/MbMux/mbmuxif_sys.c:575:13:MBMUXIF_TaskSystemNotifRcv	8	static
C:/Users/bruno.USER-PC/Desktop/Clones/nucleo-wl55jc-sensor-node/LoRaWAN_End_Node_DualCoreFreeRTOS/CM4/MbMux/mbmuxif_sys.c:557:13:Thd_SysNotifRcvProcess	8	static
C:/Users/bruno.USER-PC/Desktop/Clones/nucleo-wl55jc-sensor-node/LoRaWAN_End_Node_DualCoreFreeRTOS/CM4/MbMux/mbmuxif_sys.c:545:13:MBMUXIF_IsrSystemNotifRcvCb	8	static
C:/Users/bruno.USER-PC/Desktop/Clones/nucleo-wl55jc-sensor-node/LoRaWAN_End_Node_DualCoreFreeRTOS/CM4/MbMux/mbmuxif_sys.c:528:13:MBMUXIF_IsrSystemRespRcvCb	8	static
C:/Users/bruno.USER-PC/Desktop/Clones/nucleo-wl55jc-sensor-node/LoRaWAN_End_Node_DualCoreFreeRTOS/CM4/MbMux/mbmuxif_sys.c:332:6:MBMUXIF_SetCpusSynchroFlag	0	static
C:/Users/bruno.USER-PC/Desktop/Clones/nucleo-wl55jc-sensor-node/LoRaWAN_End_Node_DualCoreFreeRTOS/CM4/MbMux/mbmuxif_sys.c:144:8:MBMUXIF_SystemInit	88	static
C:/Users/bruno.USER-PC/Desktop/Clones/nucleo-wl55jc-sensor-node/LoRaWAN_End_Node_DualCoreFreeRTOS/CM4/MbMux/mbmuxif_sys.c:340:6:MBMUXIF_WaitCm0MbmuxIsInitialized	0	static
C:/Users/bruno.USER-PC/Desktop/Clones/nucleo-wl55jc-sensor-node/LoRaWAN_End_Node_DualCoreFreeRTOS/CM4/MbMux/mbmuxif_sys.c:350:19:MBMUXIF_GetSystemFeatureCmdComPtr	8	static
C:/Users/bruno.USER-PC/Desktop/Clones/nucleo-wl55jc-sensor-node/LoRaWAN_End_Node_DualCoreFreeRTOS/CM4/MbMux/mbmuxif_sys.c:363:6:MBMUXIF_SystemAllowSequencerForSysCmd	0	static
C:/Users/bruno.USER-PC/Desktop/Clones/nucleo-wl55jc-sensor-node/LoRaWAN_End_Node_DualCoreFreeRTOS/CM4/MbMux/mbmuxif_sys.c:371:6:MBMUXIF_SystemSendCmd	8	static
C:/Users/bruno.USER-PC/Desktop/Clones/nucleo-wl55jc-sensor-node/LoRaWAN_End_Node_DualCoreFreeRTOS/CM4/MbMux/mbmuxif_sys.c:409:6:MBMUXIF_SystemSendAck	8	static
C:/Users/bruno.USER-PC/Desktop/Clones/nucleo-wl55jc-sensor-node/LoRaWAN_End_Node_DualCoreFreeRTOS/CM4/MbMux/mbmuxif_sys.c:593:13:MBMUXIF_IsrSystemPrioANotifRcvCb	8	static
C:/Users/bruno.USER-PC/Desktop/Clones/nucleo-wl55jc-sensor-node/LoRaWAN_End_Node_DualCoreFreeRTOS/CM4/MbMux/mbmuxif_sys.c:428:19:MBMUXIF_SystemSendCm0plusInfoListReq	8	static
C:/Users/bruno.USER-PC/Desktop/Clones/nucleo-wl55jc-sensor-node/LoRaWAN_End_Node_DualCoreFreeRTOS/CM4/MbMux/mbmuxif_sys.c:454:20:MBMUXIF_SystemGetFeatCapabInfoPtr	16	static
C:/Users/bruno.USER-PC/Desktop/Clones/nucleo-wl55jc-sensor-node/LoRaWAN_End_Node_DualCoreFreeRTOS/CM4/MbMux/mbmuxif_sys.c:494:8:MBMUXIF_SystemSendCm0plusRegistrationCmd	16	static
C:/Users/bruno.USER-PC/Desktop/Clones/nucleo-wl55jc-sensor-node/LoRaWAN_End_Node_DualCoreFreeRTOS/CM4/MbMux/mbmuxif_sys.c:273:8:MBMUXIF_SystemPrio_Add	16	static
