C:/Users/bruno.USER-PC/Desktop/Clones/nucleo-wl55jc-sensor-node/LoRaWAN_End_Node_DualCoreFreeRTOS/CM4/MbMux/mbmuxif_lora.c:246:13:MBMUXIF_TaskLoraNotifRcv	8	static
C:/Users/bruno.USER-PC/Desktop/Clones/nucleo-wl55jc-sensor-node/LoRaWAN_End_Node_DualCoreFreeRTOS/CM4/MbMux/mbmuxif_lora.c:257:13:Thd_LoraNotifRcvProcess	8	static
C:/Users/bruno.USER-PC/Desktop/Clones/nucleo-wl55jc-sensor-node/LoRaWAN_End_Node_DualCoreFreeRTOS/CM4/MbMux/mbmuxif_lora.c:234:13:MBMUXIF_IsrLoraNotifRcvCb	8	static
C:/Users/bruno.USER-PC/Desktop/Clones/nucleo-wl55jc-sensor-node/LoRaWAN_End_Node_DualCoreFreeRTOS/CM4/MbMux/mbmuxif_lora.c:223:13:MBMUXIF_IsrLoraRespRcvCb	8	static
C:/Users/bruno.USER-PC/Desktop/Clones/nucleo-wl55jc-sensor-node/LoRaWAN_End_Node_DualCoreFreeRTOS/CM4/MbMux/mbmuxif_lora.c:113:8:MBMUXIF_LoraInit	16	static
C:/Users/bruno.USER-PC/Desktop/Clones/nucleo-wl55jc-sensor-node/LoRaWAN_End_Node_DualCoreFreeRTOS/CM4/MbMux/mbmuxif_lora.c:170:19:MBMUXIF_GetLoraFeatureCmdComPtr	8	static
C:/Users/bruno.USER-PC/Desktop/Clones/nucleo-wl55jc-sensor-node/LoRaWAN_End_Node_DualCoreFreeRTOS/CM4/MbMux/mbmuxif_lora.c:186:6:MBMUXIF_LoraSendCmd	8	static
C:/Users/bruno.USER-PC/Desktop/Clones/nucleo-wl55jc-sensor-node/LoRaWAN_End_Node_DualCoreFreeRTOS/CM4/MbMux/mbmuxif_lora.c:204:6:MBMUXIF_LoraSendAck	8	static
