C:/Users/bruno.USER-PC/Desktop/Clones/nucleo-wl55jc-sensor-node/LoRaWAN_End_Node_DualCoreFreeRTOS/CM4/LoRaWAN/App/lora_app.c:908:13:OnSysTimeUpdate	0	static
C:/Users/bruno.USER-PC/Desktop/Clones/nucleo-wl55jc-sensor-node/LoRaWAN_End_Node_DualCoreFreeRTOS/CM4/LoRaWAN/App/lora_app.c:922:13:OnMacProcessNotify	0	static
C:/Users/bruno.USER-PC/Desktop/Clones/nucleo-wl55jc-sensor-node/LoRaWAN_End_Node_DualCoreFreeRTOS/CM4/LoRaWAN/App/lora_app.c:951:13:OnTxFrameCtrlChanged	0	static
C:/Users/bruno.USER-PC/Desktop/Clones/nucleo-wl55jc-sensor-node/LoRaWAN_End_Node_DualCoreFreeRTOS/CM4/LoRaWAN/App/lora_app.c:962:13:OnPingSlotPeriodicityChanged	0	static
C:/Users/bruno.USER-PC/Desktop/Clones/nucleo-wl55jc-sensor-node/LoRaWAN_End_Node_DualCoreFreeRTOS/CM4/LoRaWAN/App/lora_app.c:873:13:OnBeaconStatusChange	72	static
C:/Users/bruno.USER-PC/Desktop/Clones/nucleo-wl55jc-sensor-node/LoRaWAN_End_Node_DualCoreFreeRTOS/CM4/LoRaWAN/App/lora_app.c:915:13:OnClassChange	16	static
C:/Users/bruno.USER-PC/Desktop/Clones/nucleo-wl55jc-sensor-node/LoRaWAN_End_Node_DualCoreFreeRTOS/CM4/LoRaWAN/App/lora_app.c:1062:13:OnNvmDataChange	8	static
C:/Users/bruno.USER-PC/Desktop/Clones/nucleo-wl55jc-sensor-node/LoRaWAN_End_Node_DualCoreFreeRTOS/CM4/LoRaWAN/App/lora_app.c:782:13:OnTxTimerEvent	8	static
C:/Users/bruno.USER-PC/Desktop/Clones/nucleo-wl55jc-sensor-node/LoRaWAN_End_Node_DualCoreFreeRTOS/CM4/LoRaWAN/App/lora_app.c:973:13:OnSystemReset	8	static,ignoring_inline_asm
C:/Users/bruno.USER-PC/Desktop/Clones/nucleo-wl55jc-sensor-node/LoRaWAN_End_Node_DualCoreFreeRTOS/CM4/LoRaWAN/App/lora_app.c:929:13:OnTxPeriodicityChanged	8	static
C:/Users/bruno.USER-PC/Desktop/Clones/nucleo-wl55jc-sensor-node/LoRaWAN_End_Node_DualCoreFreeRTOS/CM4/LoRaWAN/App/lora_app.c:814:13:OnTxData	24	static
C:/Users/bruno.USER-PC/Desktop/Clones/nucleo-wl55jc-sensor-node/LoRaWAN_End_Node_DualCoreFreeRTOS/CM4/LoRaWAN/App/lora_app.c:843:13:OnJoinRequest	16	static
C:/Users/bruno.USER-PC/Desktop/Clones/nucleo-wl55jc-sensor-node/LoRaWAN_End_Node_DualCoreFreeRTOS/CM4/LoRaWAN/App/lora_app.c:1024:13:OnStopJoinTimerEvent	8	static
C:/Users/bruno.USER-PC/Desktop/Clones/nucleo-wl55jc-sensor-node/LoRaWAN_End_Node_DualCoreFreeRTOS/CM4/LoRaWAN/App/lora_app.c:802:13:OnRxTimerLedEvent	8	static
C:/Users/bruno.USER-PC/Desktop/Clones/nucleo-wl55jc-sensor-node/LoRaWAN_End_Node_DualCoreFreeRTOS/CM4/LoRaWAN/App/lora_app.c:797:13:OnTxTimerLedEvent	8	static
C:/Users/bruno.USER-PC/Desktop/Clones/nucleo-wl55jc-sensor-node/LoRaWAN_End_Node_DualCoreFreeRTOS/CM4/LoRaWAN/App/lora_app.c:588:13:OnRxData	40	static
C:/Users/bruno.USER-PC/Desktop/Clones/nucleo-wl55jc-sensor-node/LoRaWAN_End_Node_DualCoreFreeRTOS/CM4/LoRaWAN/App/lora_app.c:1080:13:OnStoreContextRequest	16	static
C:/Users/bruno.USER-PC/Desktop/Clones/nucleo-wl55jc-sensor-node/LoRaWAN_End_Node_DualCoreFreeRTOS/CM4/LoRaWAN/App/lora_app.c:1095:13:OnRestoreContextRequest	8	static
C:/Users/bruno.USER-PC/Desktop/Clones/nucleo-wl55jc-sensor-node/LoRaWAN_End_Node_DualCoreFreeRTOS/CM4/LoRaWAN/App/lora_app.c:987:13:StopJoin	16	static
C:/Users/bruno.USER-PC/Desktop/Clones/nucleo-wl55jc-sensor-node/LoRaWAN_End_Node_DualCoreFreeRTOS/CM4/LoRaWAN/App/lora_app.c:571:13:Thd_LoraStopJoin	8	static
C:/Users/bruno.USER-PC/Desktop/Clones/nucleo-wl55jc-sensor-node/LoRaWAN_End_Node_DualCoreFreeRTOS/CM4/LoRaWAN/App/lora_app.c:1040:13:StoreContext	8	static
C:/Users/bruno.USER-PC/Desktop/Clones/nucleo-wl55jc-sensor-node/LoRaWAN_End_Node_DualCoreFreeRTOS/CM4/LoRaWAN/App/lora_app.c:554:13:Thd_LoraStoreContext	8	static
C:/Users/bruno.USER-PC/Desktop/Clones/nucleo-wl55jc-sensor-node/LoRaWAN_End_Node_DualCoreFreeRTOS/CM4/LoRaWAN/App/lora_app.c:668:13:SendTxData	56	static
C:/Users/bruno.USER-PC/Desktop/Clones/nucleo-wl55jc-sensor-node/LoRaWAN_End_Node_DualCoreFreeRTOS/CM4/LoRaWAN/App/lora_app.c:531:13:Thd_LoraSendProcess	40	static
C:/Users/bruno.USER-PC/Desktop/Clones/nucleo-wl55jc-sensor-node/LoRaWAN_End_Node_DualCoreFreeRTOS/CM4/LoRaWAN/App/lora_app.c:807:13:OnJoinTimerLedEvent	8	static
C:/Users/bruno.USER-PC/Desktop/Clones/nucleo-wl55jc-sensor-node/LoRaWAN_End_Node_DualCoreFreeRTOS/CM4/LoRaWAN/App/lora_app.c:387:6:LoRaWAN_Init	40	static
C:/Users/bruno.USER-PC/Desktop/Clones/nucleo-wl55jc-sensor-node/LoRaWAN_End_Node_DualCoreFreeRTOS/CM4/LoRaWAN/App/lora_app.c:502:6:HAL_GPIO_EXTI_Callback	8	static
