C:/Users/bruno.USER-PC/Desktop/Clones/nucleo-wl55jc-sensor-node/LoRaWAN_End_Node_DualCoreFreeRTOS/CM4/Core/Src/stm32wlxx_it.c:71:6:NMI_Handler	0	static
C:/Users/bruno.USER-PC/Desktop/Clones/nucleo-wl55jc-sensor-node/LoRaWAN_End_Node_DualCoreFreeRTOS/CM4/Core/Src/stm32wlxx_it.c:86:6:HardFault_Handler	0	static
C:/Users/bruno.USER-PC/Desktop/Clones/nucleo-wl55jc-sensor-node/LoRaWAN_End_Node_DualCoreFreeRTOS/CM4/Core/Src/stm32wlxx_it.c:101:6:MemManage_Handler	0	static
C:/Users/bruno.USER-PC/Desktop/Clones/nucleo-wl55jc-sensor-node/LoRaWAN_End_Node_DualCoreFreeRTOS/CM4/Core/Src/stm32wlxx_it.c:116:6:BusFault_Handler	0	static
C:/Users/bruno.USER-PC/Desktop/Clones/nucleo-wl55jc-sensor-node/LoRaWAN_End_Node_DualCoreFreeRTOS/CM4/Core/Src/stm32wlxx_it.c:131:6:UsageFault_Handler	0	static
C:/Users/bruno.USER-PC/Desktop/Clones/nucleo-wl55jc-sensor-node/LoRaWAN_End_Node_DualCoreFreeRTOS/CM4/Core/Src/stm32wlxx_it.c:146:6:DebugMon_Handler	0	static
C:/Users/bruno.USER-PC/Desktop/Clones/nucleo-wl55jc-sensor-node/LoRaWAN_End_Node_DualCoreFreeRTOS/CM4/Core/Src/stm32wlxx_it.c:166:6:EXTI0_IRQHandler	8	static
C:/Users/bruno.USER-PC/Desktop/Clones/nucleo-wl55jc-sensor-node/LoRaWAN_End_Node_DualCoreFreeRTOS/CM4/Core/Src/stm32wlxx_it.c:180:6:EXTI1_IRQHandler	8	static
C:/Users/bruno.USER-PC/Desktop/Clones/nucleo-wl55jc-sensor-node/LoRaWAN_End_Node_DualCoreFreeRTOS/CM4/Core/Src/stm32wlxx_it.c:194:6:DMA1_Channel5_IRQHandler	8	static
C:/Users/bruno.USER-PC/Desktop/Clones/nucleo-wl55jc-sensor-node/LoRaWAN_End_Node_DualCoreFreeRTOS/CM4/Core/Src/stm32wlxx_it.c:208:6:EXTI9_5_IRQHandler	8	static
C:/Users/bruno.USER-PC/Desktop/Clones/nucleo-wl55jc-sensor-node/LoRaWAN_End_Node_DualCoreFreeRTOS/CM4/Core/Src/stm32wlxx_it.c:222:6:USART2_IRQHandler	8	static
C:/Users/bruno.USER-PC/Desktop/Clones/nucleo-wl55jc-sensor-node/LoRaWAN_End_Node_DualCoreFreeRTOS/CM4/Core/Src/stm32wlxx_it.c:236:6:IPCC_C1_RX_IRQHandler	8	static
C:/Users/bruno.USER-PC/Desktop/Clones/nucleo-wl55jc-sensor-node/LoRaWAN_End_Node_DualCoreFreeRTOS/CM4/Core/Src/stm32wlxx_it.c:250:6:IPCC_C1_TX_IRQHandler	8	static
