C:/Users/bruno.USER-PC/Desktop/Clones/nucleo-wl55jc-sensor-node/LoRaWAN_End_Node_DualCoreFreeRTOS/Middlewares/ST/STM32_Key_Management_Services/Modules/kms_sign_verify.c:183:11:sign_verify_init	40	static
C:/Users/bruno.USER-PC/Desktop/Clones/nucleo-wl55jc-sensor-node/LoRaWAN_End_Node_DualCoreFreeRTOS/Middlewares/ST/STM32_Key_Management_Services/Modules/kms_sign_verify.c:473:11:KMS_SignInit	8	static
C:/Users/bruno.USER-PC/Desktop/Clones/nucleo-wl55jc-sensor-node/LoRaWAN_End_Node_DualCoreFreeRTOS/Middlewares/ST/STM32_Key_Management_Services/Modules/kms_sign_verify.c:511:11:KMS_Sign	32	static
C:/Users/bruno.USER-PC/Desktop/Clones/nucleo-wl55jc-sensor-node/LoRaWAN_End_Node_DualCoreFreeRTOS/Middlewares/ST/STM32_Key_Management_Services/Modules/kms_sign_verify.c:925:14:KMS_VerifyInit	8	static
C:/Users/bruno.USER-PC/Desktop/Clones/nucleo-wl55jc-sensor-node/LoRaWAN_End_Node_DualCoreFreeRTOS/Middlewares/ST/STM32_Key_Management_Services/Modules/kms_sign_verify.c:966:8:KMS_Verify	40	static
