C:/Users/bruno.USER-PC/Desktop/Clones/nucleo-wl55jc-sensor-node/LoRaWAN_End_Node_DualCoreFreeRTOS/Middlewares/Third_Party/mbed-crypto/library/sha1.c:79:6:mbedtls_sha1_init	8	static
C:/Users/bruno.USER-PC/Desktop/Clones/nucleo-wl55jc-sensor-node/LoRaWAN_End_Node_DualCoreFreeRTOS/Middlewares/Third_Party/mbed-crypto/library/sha1.c:86:6:mbedtls_sha1_free	8	static
C:/Users/bruno.USER-PC/Desktop/Clones/nucleo-wl55jc-sensor-node/LoRaWAN_End_Node_DualCoreFreeRTOS/Middlewares/Third_Party/mbed-crypto/library/sha1.c:94:6:mbedtls_sha1_clone	8	static
C:/Users/bruno.USER-PC/Desktop/Clones/nucleo-wl55jc-sensor-node/LoRaWAN_End_Node_DualCoreFreeRTOS/Middlewares/Third_Party/mbed-crypto/library/sha1.c:106:5:mbedtls_sha1_starts_ret	0	static
C:/Users/bruno.USER-PC/Desktop/Clones/nucleo-wl55jc-sensor-node/LoRaWAN_End_Node_DualCoreFreeRTOS/Middlewares/Third_Party/mbed-crypto/library/sha1.c:130:5:mbedtls_internal_sha1_process	208	static
C:/Users/bruno.USER-PC/Desktop/Clones/nucleo-wl55jc-sensor-node/LoRaWAN_End_Node_DualCoreFreeRTOS/Middlewares/Third_Party/mbed-crypto/library/sha1.c:306:5:mbedtls_sha1_update_ret	32	static
C:/Users/bruno.USER-PC/Desktop/Clones/nucleo-wl55jc-sensor-node/LoRaWAN_End_Node_DualCoreFreeRTOS/Middlewares/Third_Party/mbed-crypto/library/sha1.c:368:5:mbedtls_sha1_finish_ret	16	static
C:/Users/bruno.USER-PC/Desktop/Clones/nucleo-wl55jc-sensor-node/LoRaWAN_End_Node_DualCoreFreeRTOS/Middlewares/Third_Party/mbed-crypto/library/sha1.c:439:5:mbedtls_sha1_ret	120	static
