C:/Users/bruno.USER-PC/Desktop/Clones/nucleo-wl55jc-sensor-node/LoRaWAN_End_Node_DualCoreFreeRTOS/Middlewares/Third_Party/LoRaWAN/Mac/LoRaMacSerializer.c:36:27:LoRaMacSerializerJoinRequest	8	static
C:/Users/bruno.USER-PC/Desktop/Clones/nucleo-wl55jc-sensor-node/LoRaWAN_End_Node_DualCoreFreeRTOS/Middlewares/Third_Party/LoRaWAN/Mac/LoRaMacSerializer.c:72:27:LoRaMacSerializerReJoinType1	8	static
C:/Users/bruno.USER-PC/Desktop/Clones/nucleo-wl55jc-sensor-node/LoRaWAN_End_Node_DualCoreFreeRTOS/Middlewares/Third_Party/LoRaWAN/Mac/LoRaMacSerializer.c:109:27:LoRaMacSerializerReJoinType0or2	8	static
C:/Users/bruno.USER-PC/Desktop/Clones/nucleo-wl55jc-sensor-node/LoRaWAN_End_Node_DualCoreFreeRTOS/Middlewares/Third_Party/LoRaWAN/Mac/LoRaMacSerializer.c:146:27:LoRaMacSerializerData	16	static
