C:/Users/bruno.USER-PC/Desktop/Clones/nucleo-wl55jc-sensor-node/LoRaWAN_End_Node_DualCoreFreeRTOS/Middlewares/Third_Party/LoRaWAN/Mac/Region/RegionBaseUS.c:48:24:FindAvailable125kHzChannels	8	static
C:/Users/bruno.USER-PC/Desktop/Clones/nucleo-wl55jc-sensor-node/LoRaWAN_End_Node_DualCoreFreeRTOS/Middlewares/Third_Party/LoRaWAN/Mac/Region/RegionBaseUS.c:74:17:RegionBaseUSComputeNext125kHzJoinChannel	40	static
C:/Users/bruno.USER-PC/Desktop/Clones/nucleo-wl55jc-sensor-node/LoRaWAN_End_Node_DualCoreFreeRTOS/Middlewares/Third_Party/LoRaWAN/Mac/Region/RegionBaseUS.c:135:6:RegionBaseUSVerifyFrequencyGroup	8	static
C:/Users/bruno.USER-PC/Desktop/Clones/nucleo-wl55jc-sensor-node/LoRaWAN_End_Node_DualCoreFreeRTOS/Middlewares/Third_Party/LoRaWAN/Mac/Region/RegionBaseUS.c:146:10:RegionBaseUSCalcDownlinkFrequency	0	static
