C:/Users/bruno.USER-PC/Desktop/Clones/nucleo-wl55jc-sensor-node/LoRaWAN_End_Node_DualCoreFreeRTOS/Middlewares/Third_Party/LoRaWAN/Crypto/soft-se.c:382:30:GetKeyIndexByID	12	static
C:/Users/bruno.USER-PC/Desktop/Clones/nucleo-wl55jc-sensor-node/LoRaWAN_End_Node_DualCoreFreeRTOS/Middlewares/Third_Party/LoRaWAN/Crypto/soft-se.c:400:30:GetSpecificLabelByID	12	static
C:/Users/bruno.USER-PC/Desktop/Clones/nucleo-wl55jc-sensor-node/LoRaWAN_End_Node_DualCoreFreeRTOS/Middlewares/Third_Party/LoRaWAN/Crypto/soft-se.c:419:30:ComputeCmac	64	static
C:/Users/bruno.USER-PC/Desktop/Clones/nucleo-wl55jc-sensor-node/LoRaWAN_End_Node_DualCoreFreeRTOS/Middlewares/Third_Party/LoRaWAN/Crypto/soft-se.c:577:23:SecureElementInit	104	static
C:/Users/bruno.USER-PC/Desktop/Clones/nucleo-wl55jc-sensor-node/LoRaWAN_End_Node_DualCoreFreeRTOS/Middlewares/Third_Party/LoRaWAN/Crypto/soft-se.c:696:23:SecureElementGetKeyByID	48	static
C:/Users/bruno.USER-PC/Desktop/Clones/nucleo-wl55jc-sensor-node/LoRaWAN_End_Node_DualCoreFreeRTOS/Middlewares/Third_Party/LoRaWAN/Crypto/soft-se.c:314:13:PrintKey	152	static
C:/Users/bruno.USER-PC/Desktop/Clones/nucleo-wl55jc-sensor-node/LoRaWAN_End_Node_DualCoreFreeRTOS/Middlewares/Third_Party/LoRaWAN/Crypto/soft-se.c:777:23:SecureElementDeleteDynamicKey	104	static
C:/Users/bruno.USER-PC/Desktop/Clones/nucleo-wl55jc-sensor-node/LoRaWAN_End_Node_DualCoreFreeRTOS/Middlewares/Third_Party/LoRaWAN/Crypto/soft-se.c:849:23:SecureElementSetObjHandler	12	static
C:/Users/bruno.USER-PC/Desktop/Clones/nucleo-wl55jc-sensor-node/LoRaWAN_End_Node_DualCoreFreeRTOS/Middlewares/Third_Party/LoRaWAN/Crypto/soft-se.c:992:23:SecureElementSetID	136	static
C:/Users/bruno.USER-PC/Desktop/Clones/nucleo-wl55jc-sensor-node/LoRaWAN_End_Node_DualCoreFreeRTOS/Middlewares/Third_Party/LoRaWAN/Crypto/soft-se.c:1068:23:SecureElementComputeAesCmac	16	static
C:/Users/bruno.USER-PC/Desktop/Clones/nucleo-wl55jc-sensor-node/LoRaWAN_End_Node_DualCoreFreeRTOS/Middlewares/Third_Party/LoRaWAN/Crypto/soft-se.c:1080:23:SecureElementVerifyAesCmac	64	static
C:/Users/bruno.USER-PC/Desktop/Clones/nucleo-wl55jc-sensor-node/LoRaWAN_End_Node_DualCoreFreeRTOS/Middlewares/Third_Party/LoRaWAN/Crypto/soft-se.c:1149:23:SecureElementAesEncrypt	96	static
C:/Users/bruno.USER-PC/Desktop/Clones/nucleo-wl55jc-sensor-node/LoRaWAN_End_Node_DualCoreFreeRTOS/Middlewares/Third_Party/LoRaWAN/Crypto/soft-se.c:866:23:SecureElementSetKey	144	static
C:/Users/bruno.USER-PC/Desktop/Clones/nucleo-wl55jc-sensor-node/LoRaWAN_End_Node_DualCoreFreeRTOS/Middlewares/Third_Party/LoRaWAN/Crypto/soft-se.c:1238:23:SecureElementDeriveAndStoreKey	72	static
C:/Users/bruno.USER-PC/Desktop/Clones/nucleo-wl55jc-sensor-node/LoRaWAN_End_Node_DualCoreFreeRTOS/Middlewares/Third_Party/LoRaWAN/Crypto/soft-se.c:1328:23:SecureElementProcessJoinAccept	16	static
C:/Users/bruno.USER-PC/Desktop/Clones/nucleo-wl55jc-sensor-node/LoRaWAN_End_Node_DualCoreFreeRTOS/Middlewares/Third_Party/LoRaWAN/Crypto/soft-se.c:1438:23:SecureElementSetDevEui	40	static
C:/Users/bruno.USER-PC/Desktop/Clones/nucleo-wl55jc-sensor-node/LoRaWAN_End_Node_DualCoreFreeRTOS/Middlewares/Third_Party/LoRaWAN/Crypto/soft-se.c:1463:23:SecureElementGetDevEui	40	static
C:/Users/bruno.USER-PC/Desktop/Clones/nucleo-wl55jc-sensor-node/LoRaWAN_End_Node_DualCoreFreeRTOS/Middlewares/Third_Party/LoRaWAN/Crypto/soft-se.c:1487:23:SecureElementSetJoinEui	40	static
C:/Users/bruno.USER-PC/Desktop/Clones/nucleo-wl55jc-sensor-node/LoRaWAN_End_Node_DualCoreFreeRTOS/Middlewares/Third_Party/LoRaWAN/Crypto/soft-se.c:1512:23:SecureElementGetJoinEui	40	static
C:/Users/bruno.USER-PC/Desktop/Clones/nucleo-wl55jc-sensor-node/LoRaWAN_End_Node_DualCoreFreeRTOS/Middlewares/Third_Party/LoRaWAN/Crypto/soft-se.c:1536:23:SecureElementSetDevAddr	40	static
C:/Users/bruno.USER-PC/Desktop/Clones/nucleo-wl55jc-sensor-node/LoRaWAN_End_Node_DualCoreFreeRTOS/Middlewares/Third_Party/LoRaWAN/Crypto/soft-se.c:1581:23:SecureElementGetDevAddr	40	static
C:/Users/bruno.USER-PC/Desktop/Clones/nucleo-wl55jc-sensor-node/LoRaWAN_End_Node_DualCoreFreeRTOS/Middlewares/Third_Party/LoRaWAN/Crypto/soft-se.c:642:23:SecureElementInitMcuID	32	static
C:/Users/bruno.USER-PC/Desktop/Clones/nucleo-wl55jc-sensor-node/LoRaWAN_End_Node_DualCoreFreeRTOS/Middlewares/Third_Party/LoRaWAN/Crypto/soft-se.c:347:13:PrintIds	80	static
C:/Users/bruno.USER-PC/Desktop/Clones/nucleo-wl55jc-sensor-node/LoRaWAN_End_Node_DualCoreFreeRTOS/Middlewares/Third_Party/LoRaWAN/Crypto/soft-se.c:742:23:SecureElementPrintKeys	8	static
C:/Users/bruno.USER-PC/Desktop/Clones/nucleo-wl55jc-sensor-node/LoRaWAN_End_Node_DualCoreFreeRTOS/Middlewares/Third_Party/LoRaWAN/Crypto/soft-se.c:759:23:SecureElementPrintSessionKeys	8	static
