C:/Users/bruno.USER-PC/Desktop/Clones/nucleo-wl55jc-sensor-node/LoRaWAN_End_Node_DualCoreFreeRTOS/CM0PLUS/MbMux/mbmuxif_sys.c:318:13:MBMUXIF_IsrSystemPrioAAckRcvCb	0	static
C:/Users/bruno.USER-PC/Desktop/Clones/nucleo-wl55jc-sensor-node/LoRaWAN_End_Node_DualCoreFreeRTOS/CM0PLUS/MbMux/mbmuxif_sys.c:325:13:MBMUXIF_IsrSystemPrioACmdRcvCb	0	static
C:/Users/bruno.USER-PC/Desktop/Clones/nucleo-wl55jc-sensor-node/LoRaWAN_End_Node_DualCoreFreeRTOS/CM0PLUS/MbMux/mbmuxif_sys.c:332:13:MBMUXIF_IsrSystemPrioBAckRcvCb	0	static
C:/Users/bruno.USER-PC/Desktop/Clones/nucleo-wl55jc-sensor-node/LoRaWAN_End_Node_DualCoreFreeRTOS/CM0PLUS/MbMux/mbmuxif_sys.c:339:13:MBMUXIF_IsrSystemPrioBCmdRcvCb	0	static
C:/Users/bruno.USER-PC/Desktop/Clones/nucleo-wl55jc-sensor-node/LoRaWAN_End_Node_DualCoreFreeRTOS/CM0PLUS/MbMux/mbmuxif_sys.c:346:15:MBMUXIF_FeatureCm0plusRegistrationCmd	8	static
C:/Users/bruno.USER-PC/Desktop/Clones/nucleo-wl55jc-sensor-node/LoRaWAN_End_Node_DualCoreFreeRTOS/CM0PLUS/MbMux/mbmuxif_sys.c:297:13:MBMUXIF_TaskSystemCmdRcv	8	static
C:/Users/bruno.USER-PC/Desktop/Clones/nucleo-wl55jc-sensor-node/LoRaWAN_End_Node_DualCoreFreeRTOS/CM0PLUS/MbMux/mbmuxif_sys.c:266:13:MBMUXIF_IsrSystemCmdRcvCb	8	static
C:/Users/bruno.USER-PC/Desktop/Clones/nucleo-wl55jc-sensor-node/LoRaWAN_End_Node_DualCoreFreeRTOS/CM0PLUS/MbMux/mbmuxif_sys.c:255:13:MBMUXIF_IsrSystemAckRcvCb	8	static
C:/Users/bruno.USER-PC/Desktop/Clones/nucleo-wl55jc-sensor-node/LoRaWAN_End_Node_DualCoreFreeRTOS/CM0PLUS/MbMux/mbmuxif_sys.c:120:8:MBMUXIF_SystemInit	96	static
C:/Users/bruno.USER-PC/Desktop/Clones/nucleo-wl55jc-sensor-node/LoRaWAN_End_Node_DualCoreFreeRTOS/CM0PLUS/MbMux/mbmuxif_sys.c:166:10:MBMUXIF_GetCpusSynchroFlag	0	static
C:/Users/bruno.USER-PC/Desktop/Clones/nucleo-wl55jc-sensor-node/LoRaWAN_End_Node_DualCoreFreeRTOS/CM0PLUS/MbMux/mbmuxif_sys.c:174:19:MBMUXIF_GetSystemFeatureNotifComPtr	8	static
C:/Users/bruno.USER-PC/Desktop/Clones/nucleo-wl55jc-sensor-node/LoRaWAN_End_Node_DualCoreFreeRTOS/CM0PLUS/MbMux/mbmuxif_sys.c:190:6:MBMUXIF_SystemSendNotif	8	static
C:/Users/bruno.USER-PC/Desktop/Clones/nucleo-wl55jc-sensor-node/LoRaWAN_End_Node_DualCoreFreeRTOS/CM0PLUS/MbMux/mbmuxif_sys.c:208:6:MBMUXIF_SystemSendNotif_NoWait	8	static
C:/Users/bruno.USER-PC/Desktop/Clones/nucleo-wl55jc-sensor-node/LoRaWAN_End_Node_DualCoreFreeRTOS/CM0PLUS/MbMux/mbmuxif_sys.c:222:6:MBMUXIF_SystemSendResp	8	static
C:/Users/bruno.USER-PC/Desktop/Clones/nucleo-wl55jc-sensor-node/LoRaWAN_End_Node_DualCoreFreeRTOS/CM0PLUS/MbMux/mbmuxif_sys.c:241:9:MBMUXIF_ChipRevId	0	static
