C:/Users/bruno.USER-PC/Desktop/Clones/nucleo-wl55jc-sensor-node/LoRaWAN_End_Node_DualCoreFreeRTOS/CM0PLUS/MbMux/mbmuxif_radio.c:194:13:MBMUXIF_TaskRadioNotifSnd	8	static
C:/Users/bruno.USER-PC/Desktop/Clones/nucleo-wl55jc-sensor-node/LoRaWAN_End_Node_DualCoreFreeRTOS/CM0PLUS/MbMux/mbmuxif_radio.c:183:13:MBMUXIF_TaskRadioCmdRcv	8	static
C:/Users/bruno.USER-PC/Desktop/Clones/nucleo-wl55jc-sensor-node/LoRaWAN_End_Node_DualCoreFreeRTOS/CM0PLUS/MbMux/mbmuxif_radio.c:171:13:MBMUXIF_IsrRadioCmdRcvCb	8	static
C:/Users/bruno.USER-PC/Desktop/Clones/nucleo-wl55jc-sensor-node/LoRaWAN_End_Node_DualCoreFreeRTOS/CM0PLUS/MbMux/mbmuxif_radio.c:160:13:MBMUXIF_IsrRadioAckRcvCb	8	static
C:/Users/bruno.USER-PC/Desktop/Clones/nucleo-wl55jc-sensor-node/LoRaWAN_End_Node_DualCoreFreeRTOS/CM0PLUS/MbMux/mbmuxif_radio.c:88:8:MBMUXIF_RadioInit	8	static
C:/Users/bruno.USER-PC/Desktop/Clones/nucleo-wl55jc-sensor-node/LoRaWAN_End_Node_DualCoreFreeRTOS/CM0PLUS/MbMux/mbmuxif_radio.c:114:19:MBMUXIF_GetRadioFeatureNotifComPtr	8	static
C:/Users/bruno.USER-PC/Desktop/Clones/nucleo-wl55jc-sensor-node/LoRaWAN_End_Node_DualCoreFreeRTOS/CM0PLUS/MbMux/mbmuxif_radio.c:130:6:MBMUXIF_RadioSendNotif	8	static
C:/Users/bruno.USER-PC/Desktop/Clones/nucleo-wl55jc-sensor-node/LoRaWAN_End_Node_DualCoreFreeRTOS/CM0PLUS/MbMux/mbmuxif_radio.c:141:6:MBMUXIF_RadioSendResp	8	static
