C:/Users/bruno.USER-PC/Desktop/Clones/nucleo-wl55jc-sensor-node/LoRaWAN_End_Node_DualCoreFreeRTOS/CM0PLUS/MbMux/mbmuxif_trace.c:171:32:MBMUXIF_TraceBufferInit	0	static
C:/Users/bruno.USER-PC/Desktop/Clones/nucleo-wl55jc-sensor-node/LoRaWAN_End_Node_DualCoreFreeRTOS/CM0PLUS/MbMux/mbmuxif_trace.c:222:13:MBMUXIF_TaskTraceAckRcv	8	static
C:/Users/bruno.USER-PC/Desktop/Clones/nucleo-wl55jc-sensor-node/LoRaWAN_End_Node_DualCoreFreeRTOS/CM0PLUS/MbMux/mbmuxif_trace.c:210:13:MBMUXIF_IsrTraceAckRcvCb	8	static
C:/Users/bruno.USER-PC/Desktop/Clones/nucleo-wl55jc-sensor-node/LoRaWAN_End_Node_DualCoreFreeRTOS/CM0PLUS/MbMux/mbmuxif_trace.c:108:8:MBMUXIF_TraceInit	8	static
C:/Users/bruno.USER-PC/Desktop/Clones/nucleo-wl55jc-sensor-node/LoRaWAN_End_Node_DualCoreFreeRTOS/CM0PLUS/MbMux/mbmuxif_trace.c:136:19:MBMUXIF_GetTraceFeatureNotifComPtr	8	static
C:/Users/bruno.USER-PC/Desktop/Clones/nucleo-wl55jc-sensor-node/LoRaWAN_End_Node_DualCoreFreeRTOS/CM0PLUS/MbMux/mbmuxif_trace.c:152:6:MBMUXIF_TraceSendNotif_NoWait	8	static
C:/Users/bruno.USER-PC/Desktop/Clones/nucleo-wl55jc-sensor-node/LoRaWAN_End_Node_DualCoreFreeRTOS/CM0PLUS/MbMux/mbmuxif_trace.c:183:32:MBMUXIF_TraceBufferSend	16	static
