C:/Users/bruno.USER-PC/Desktop/Clones/nucleo-wl55jc-sensor-node/LoRaWAN_End_Node_DualCoreFreeRTOS/CM0PLUS/MbMux/radio_mbwrapper.c:487:13:RadioRxError_mbwrapper	8	static
C:/Users/bruno.USER-PC/Desktop/Clones/nucleo-wl55jc-sensor-node/LoRaWAN_End_Node_DualCoreFreeRTOS/CM0PLUS/MbMux/radio_mbwrapper.c:467:13:RadioRxTimeout_mbwrapper	8	static
C:/Users/bruno.USER-PC/Desktop/Clones/nucleo-wl55jc-sensor-node/LoRaWAN_End_Node_DualCoreFreeRTOS/CM0PLUS/MbMux/radio_mbwrapper.c:400:13:RadioTxTimeout_mbwrapper	8	static
C:/Users/bruno.USER-PC/Desktop/Clones/nucleo-wl55jc-sensor-node/LoRaWAN_End_Node_DualCoreFreeRTOS/CM0PLUS/MbMux/radio_mbwrapper.c:381:13:RadioTxDone_mbwrapper	8	static
C:/Users/bruno.USER-PC/Desktop/Clones/nucleo-wl55jc-sensor-node/LoRaWAN_End_Node_DualCoreFreeRTOS/CM0PLUS/MbMux/radio_mbwrapper.c:419:13:RadioRxDone_mbwrapper	24	static
C:/Users/bruno.USER-PC/Desktop/Clones/nucleo-wl55jc-sensor-node/LoRaWAN_End_Node_DualCoreFreeRTOS/CM0PLUS/MbMux/radio_mbwrapper.c:114:6:Process_Radio_Cmd	96	static
